// Jest Snapshot v1, https://goo.gl/fbAQLP

exports[`App The app container should be rendered correctly 1`] = `
<div class="min-h-screen">
  <!---->
  <transition-stub enterclass="opacity-0 -translate-y-4" entertoclass="opacity-100 translate-y-0" enteractiveclass="transition ease-out duration-500 transform">
    <section class="flex justify-center items-center px-4 sm:px-6 lg:px-8 pt-6 pb-24 min-h-screen" style="">
      <div class="w-full max-w-md"><svg class="block mx-auto mb-8 w-28 sm:w-34 h-24 sm:h-28">
          <use xlink:href="#logo-vertical"></use>
        </svg>
        <form method="post" class="py-10 sm:py-16 px-6 sm:px-12 bg-white rounded-lg shadow-sm">
          <div class="mb-4">
            <div class="w-full"><label for="email" class="block mb-1 ml-1 text-sm font-medium leading-5 text-gray-700 select-none">Email address</label>
              <div class="relative"><input name="email" id="email" placeholder="user@email.com" type="email" class="block py-3 px-4 w-full text-sm rounded-md border border-gray-400 focus:border-blue-400 shadow-sm transition duration-150 ease-in-out form-input focus:shadow-outline-blue">
                <!---->
              </div>
              <!---->
            </div>
          </div>
          <div class="mb-4">
            <div class="w-full"><label for="password" class="block mb-1 ml-1 text-sm font-medium leading-5 text-gray-700 select-none">Password</label>
              <div class="relative"><input name="password" id="password" placeholder="●●●●●" type="password" class="block py-3 px-4 w-full text-sm rounded-md border border-gray-400 focus:border-blue-400 shadow-sm transition duration-150 ease-in-out form-input focus:shadow-outline-blue"> <button type="button" class="absolute top-0 right-0 bottom-0 py-3 px-4 leading-3 text-gray-600 hover:text-gray-900 focus:outline-none"><svg class="w-5 h-5 transition duration-300 ease-out pointer-events-none">
                    <use xlink:href="#icon-eye"></use>
                  </svg></button></div>
              <!---->
            </div>
          </div>
          <div class="flex justify-between items-center mb-4">
            <div class="flex items-center"><input type="checkbox" name="remember" id="remember" class="w-4 h-4 text-blue-600 border-gray-400 focus:border-blue-600 transition duration-150 ease-in-out form-checkbox focus:shadow-outline-blue"> <label for="remember" class="block ml-2 text-sm leading-5 text-gray-600 hover:text-gray-700 select-none">
                Remember me
              </label></div>
            <div class="text-sm leading-5"><a href="/zexacore/public/admin/login#" class="text-sm font-medium text-blue-600 hover:text-blue-500 focus:underline transition duration-150 ease-in-out focus:outline-none">
                Forgotten password
              </a></div>
          </div> <button type="submit" class="flex align-items-center text-sm font-medium rounded-md whitespace-no-wrap focus:outline-none transition duration-150 ease-in-out select-none py-3 w-full leading-5 justify-center text-white bg-blue-600 border border-blue-600 hover:bg-blue-500 hover:border-blue-500 focus:border-blue-500 focus:shadow-outline-blue shadow-md">
            <!----> Sign in to your account
          </button>
        </form>
        <div class="mt-5 ml-2"><a href="http://localhost/zexacore/public/" class="inline-flex items-center text-sm text-gray-500 hover:text-blue-600 transition duration-150 ease-in-out"><svg class="mr-2 w-6 h-4 text-gray-500">
              <use xlink:href="#icon-arrow-left"></use>
            </svg>
            View website
          </a></div>
      </div>
    </section>
  </transition-stub>
  <transition-stub enterclass="opacity-0 translate-y-2" leaveclass="opacity-100" entertoclass="opacity-100 translate-y-0" leavetoclass="opacity-0 -translate-y-2" enteractiveclass="transition ease-out duration-150" leaveactiveclass="transition ease-in duration-150">
    <!---->
  </transition-stub>
  <svglib-stub></svglib-stub>
</div>
`;
